\BOOKMARK [1][-]{section.1}{\376\377\000E\000x\000e\000c\000u\000t\000i\000v\000e\000\040\000S\000u\000m\000m\000a\000r\000y}{}% 1
\BOOKMARK [1][-]{section.2}{\376\377\000P\000r\000o\000b\000l\000e\000m\000\040\000S\000t\000a\000t\000e\000m\000e\000n\000t}{}% 2
\BOOKMARK [1][-]{section.3}{\376\377\000D\000a\000t\000a\000s\000e\000t\000s\000\040\000a\000n\000d\000\040\000L\000i\000n\000e\000a\000g\000e}{}% 3
\BOOKMARK [2][-]{subsection.3.1}{\376\377\000H\000o\000w\000\040\000t\000h\000e\000\040\000D\000a\000t\000a\000\040\000W\000a\000s\000\040\000C\000o\000l\000l\000e\000c\000t\000e\000d}{section.3}% 4
\BOOKMARK [2][-]{subsection.3.2}{\376\377\000C\000o\000m\000p\000e\000t\000i\000t\000i\000o\000n\000\040\000D\000a\000t\000a\000s\000e\000t\000\040\000F\000i\000e\000l\000d\000s\000\040\000v\000s\000.\000\040\000E\000x\000t\000e\000r\000n\000a\000l\000\040\000A\000d\000d\000i\000t\000i\000o\000n\000s}{section.3}% 5
\BOOKMARK [2][-]{subsection.3.3}{\376\377\000M\000i\000s\000s\000i\000n\000g\000-\000V\000a\000l\000u\000e\000\040\000S\000t\000r\000a\000t\000e\000g\000y\000\040\000a\000n\000d\000\040\000O\000u\000t\000l\000i\000e\000r\000\040\000T\000r\000e\000a\000t\000m\000e\000n\000t}{section.3}% 6
\BOOKMARK [2][-]{subsection.3.4}{\376\377\000T\000a\000r\000g\000e\000t\000\040\000C\000o\000n\000s\000t\000r\000u\000c\000t\000i\000o\000n\000\040\000a\000n\000d\000\040\000F\000i\000r\000s\000t\000-\000C\000o\000n\000t\000r\000a\000c\000t\000\040\000W\000i\000n\000d\000o\000w\000\040\000R\000a\000t\000i\000o\000n\000a\000l\000e}{section.3}% 7
\BOOKMARK [1][-]{section.4}{\376\377\000D\000a\000t\000a\000\040\000E\000x\000p\000l\000o\000r\000a\000t\000i\000o\000n}{}% 8
\BOOKMARK [2][-]{subsection.4.1}{\376\377\000F\000o\000c\000u\000s\000e\000d\000\040\000E\000D\000A\000\040\000F\000i\000n\000d\000i\000n\000g\000s}{section.4}% 9
\BOOKMARK [2][-]{subsection.4.2}{\376\377\000H\000e\000u\000r\000i\000s\000t\000i\000c\000\040\000p\000i\000p\000e\000l\000i\000n\000e\000\040\000m\000e\000t\000h\000o\000d\000o\000l\000o\000g\000y}{section.4}% 10
\BOOKMARK [2][-]{subsection.4.3}{\376\377\000S\000u\000p\000e\000r\000v\000i\000s\000e\000d\000\040\000m\000o\000d\000e\000l\000\040\000m\000e\000t\000h\000o\000d\000o\000l\000o\000g\000y}{section.4}% 11
\BOOKMARK [2][-]{subsection.4.4}{\376\377\000M\000o\000d\000e\000l\000\040\000P\000e\000r\000f\000o\000r\000m\000a\000n\000c\000e\000\040\000C\000o\000m\000p\000a\000r\000i\000s\000o\000n}{section.4}% 12
\BOOKMARK [2][-]{subsection.4.5}{\376\377\000P\000r\000e\000d\000i\000c\000t\000i\000o\000n\000\040\000E\000r\000r\000o\000r\000\040\000P\000r\000o\000f\000i\000l\000e}{section.4}% 13
\BOOKMARK [2][-]{subsection.4.6}{\376\377\000G\000l\000o\000b\000a\000l\000\040\000E\000x\000p\000l\000a\000n\000a\000t\000i\000o\000n\000\040\000M\000a\000p}{section.4}% 14
\BOOKMARK [2][-]{subsection.4.7}{\376\377\000N\000F\000L\000\040\000P\000r\000o\000d\000u\000c\000t\000i\000o\000n\000\040\000v\000s\000.\000\040\000D\000r\000a\000f\000t\000\040\000R\000o\000u\000n\000d}{section.4}% 15
\BOOKMARK [1][-]{section.5}{\376\377\000C\000o\000n\000c\000l\000u\000s\000i\000o\000n\000s\000\040\000a\000n\000d\000\040\000R\000e\000c\000o\000m\000m\000e\000n\000d\000a\000t\000i\000o\000n\000s}{}% 16
\BOOKMARK [2][-]{subsection.5.1}{\376\377\000F\000i\000n\000a\000l\000\040\000C\000o\000n\000c\000l\000u\000s\000i\000o\000n}{section.5}% 17
\BOOKMARK [2][-]{subsection.5.2}{\376\377\000P\000r\000i\000o\000r\000i\000t\000y\000\040\0001\000:\000\040\000D\000a\000t\000a\000\040\000A\000d\000d\000i\000t\000i\000o\000n\000s\000\040\000\050\000H\000i\000g\000h\000e\000s\000t\000\040\000I\000m\000p\000a\000c\000t\000\051}{section.5}% 18
\BOOKMARK [2][-]{subsection.5.3}{\376\377\000P\000r\000i\000o\000r\000i\000t\000y\000\040\0002\000:\000\040\000M\000o\000d\000e\000l\000i\000n\000g\000\040\000U\000p\000g\000r\000a\000d\000e\000s\000\040\000\050\000A\000f\000t\000e\000r\000\040\000D\000a\000t\000a\000\040\000I\000m\000p\000r\000o\000v\000e\000m\000e\000n\000t\000s\000\051}{section.5}% 19
\BOOKMARK [2][-]{subsection.5.4}{\376\377\000O\000p\000e\000r\000a\000t\000i\000o\000n\000a\000l\000\040\000R\000e\000c\000o\000m\000m\000e\000n\000d\000a\000t\000i\000o\000n}{section.5}% 20
